// Jest Snapshot v1, https://goo.gl/fbAQLP

exports[`renderChart renders a graph 1`] = `
"<svg width="500" height="300" xmlns="http://www.w3.org/2000/svg" xmlns:xlink="http://www.w3.org/1999/xlink" version="1.1" baseProfile="full" viewBox="0 0 500 300">
<rect width="500" height="300" x="0" y="0" fill="none"></rect>
<path d="M71.4 210.5L400 210.5" fill="transparent" stroke="#E0E6F1" class="zr0-cls-0"></path>
<path d="M71.4 172.5L400 172.5" fill="transparent" stroke="#E0E6F1" class="zr0-cls-0"></path>
<path d="M71.4 134.5L400 134.5" fill="transparent" stroke="#E0E6F1" class="zr0-cls-0"></path>
<path d="M71.4 96.5L400 96.5" fill="transparent" stroke="#E0E6F1" class="zr0-cls-0"></path>
<path d="M71.4 58.5L400 58.5" fill="transparent" stroke="#E0E6F1" class="zr0-cls-0"></path>
<path d="M71.4 20.5L400 20.5" fill="transparent" stroke="#E0E6F1" class="zr0-cls-0"></path>
<text dominant-baseline="central" text-anchor="middle" style="font-size:12px;font-family:sans-serif;" xml:space="preserve" y="-6" transform="matrix(0,-1,1,0,31.44,115.16)" fill="#6E7079">[object Object]</text>
<path d="M71.4 210.5L400 210.5" fill="transparent" stroke="#6E7079" stroke-linecap="round" class="zr0-cls-0"></path>
<path d="M71.5 210.3L71.5 215.3" fill="transparent" stroke="#6E7079" class="zr0-cls-0"></path>
<path d="M95.5 210.3L95.5 215.3" fill="transparent" stroke="#6E7079" class="zr0-cls-0"></path>
<path d="M118.5 210.3L118.5 215.3" fill="transparent" stroke="#6E7079" class="zr0-cls-0"></path>
<path d="M142.5 210.3L142.5 215.3" fill="transparent" stroke="#6E7079" class="zr0-cls-0"></path>
<path d="M165.5 210.3L165.5 215.3" fill="transparent" stroke="#6E7079" class="zr0-cls-0"></path>
<path d="M189.5 210.3L189.5 215.3" fill="transparent" stroke="#6E7079" class="zr0-cls-0"></path>
<path d="M212.5 210.3L212.5 215.3" fill="transparent" stroke="#6E7079" class="zr0-cls-0"></path>
<path d="M235.5 210.3L235.5 215.3" fill="transparent" stroke="#6E7079" class="zr0-cls-0"></path>
<path d="M259.5 210.3L259.5 215.3" fill="transparent" stroke="#6E7079" class="zr0-cls-0"></path>
<path d="M282.5 210.3L282.5 215.3" fill="transparent" stroke="#6E7079" class="zr0-cls-0"></path>
<path d="M306.5 210.3L306.5 215.3" fill="transparent" stroke="#6E7079" class="zr0-cls-0"></path>
<path d="M329.5 210.3L329.5 215.3" fill="transparent" stroke="#6E7079" class="zr0-cls-0"></path>
<path d="M353.5 210.3L353.5 215.3" fill="transparent" stroke="#6E7079" class="zr0-cls-0"></path>
<path d="M376.5 210.3L376.5 215.3" fill="transparent" stroke="#6E7079" class="zr0-cls-0"></path>
<path d="M400.5 210.3L400.5 215.3" fill="transparent" stroke="#6E7079" class="zr0-cls-0"></path>
<text dominant-baseline="central" text-anchor="end" style="font-size:12px;font-family:sans-serif;" transform="translate(63.44 210.32)" fill="#6E7079">0</text>
<text dominant-baseline="central" text-anchor="end" style="font-size:12px;font-family:sans-serif;" transform="translate(63.44 172.256)" fill="#6E7079">10</text>
<text dominant-baseline="central" text-anchor="end" style="font-size:12px;font-family:sans-serif;" transform="translate(63.44 134.192)" fill="#6E7079">20</text>
<text dominant-baseline="central" text-anchor="end" style="font-size:12px;font-family:sans-serif;" transform="translate(63.44 96.128)" fill="#6E7079">30</text>
<text dominant-baseline="central" text-anchor="end" style="font-size:12px;font-family:sans-serif;" transform="translate(63.44 58.064)" fill="#6E7079">40</text>
<text dominant-baseline="central" text-anchor="end" style="font-size:12px;font-family:sans-serif;" transform="translate(63.44 20)" fill="#6E7079">50</text>
<text dominant-baseline="central" text-anchor="end" style="font-size:12px;font-family:sans-serif;" transform="matrix(0,-1,1,0,83.1743,218.32)" fill="#6E7079">1993-09-09</text>
<text dominant-baseline="central" text-anchor="end" style="font-size:12px;font-family:sans-serif;" transform="matrix(0,-1,1,0,106.6429,218.32)" fill="#6E7079">1993-09-14</text>
<text dominant-baseline="central" text-anchor="end" style="font-size:12px;font-family:sans-serif;" transform="matrix(0,-1,1,0,130.1114,218.32)" fill="#6E7079">1993-09-20</text>
<text dominant-baseline="central" text-anchor="end" style="font-size:12px;font-family:sans-serif;" transform="matrix(0,-1,1,0,153.58,218.32)" fill="#6E7079">1993-09-25</text>
<text dominant-baseline="central" text-anchor="end" style="font-size:12px;font-family:sans-serif;" transform="matrix(0,-1,1,0,177.0486,218.32)" fill="#6E7079">1993-09-26</text>
<text dominant-baseline="central" text-anchor="end" style="font-size:12px;font-family:sans-serif;" transform="matrix(0,-1,1,0,200.5171,218.32)" fill="#6E7079">1993-09-26</text>
<text dominant-baseline="central" text-anchor="end" style="font-size:12px;font-family:sans-serif;" transform="matrix(0,-1,1,0,223.9857,218.32)" fill="#6E7079">1993-09-30</text>
<text dominant-baseline="central" text-anchor="end" style="font-size:12px;font-family:sans-serif;" transform="matrix(0,-1,1,0,247.4543,218.32)" fill="#6E7079">1993-10-02</text>
<text dominant-baseline="central" text-anchor="end" style="font-size:12px;font-family:sans-serif;" transform="matrix(0,-1,1,0,270.9229,218.32)" fill="#6E7079">1993-10-08</text>
<text dominant-baseline="central" text-anchor="end" style="font-size:12px;font-family:sans-serif;" transform="matrix(0,-1,1,0,294.3914,218.32)" fill="#6E7079">1993-10-16</text>
<text dominant-baseline="central" text-anchor="end" style="font-size:12px;font-family:sans-serif;" transform="matrix(0,-1,1,0,317.86,218.32)" fill="#6E7079">1993-10-19</text>
<text dominant-baseline="central" text-anchor="end" style="font-size:12px;font-family:sans-serif;" transform="matrix(0,-1,1,0,341.3286,218.32)" fill="#6E7079">1993-10-22</text>
<text dominant-baseline="central" text-anchor="end" style="font-size:12px;font-family:sans-serif;" transform="matrix(0,-1,1,0,364.7971,218.32)" fill="#6E7079">1993-10-22</text>
<text dominant-baseline="central" text-anchor="end" style="font-size:12px;font-family:sans-serif;" transform="matrix(0,-1,1,0,388.2657,218.32)" fill="#6E7079">1993-10-25</text>
<g clip-path="url(#zr0-c0)">
<path d="M83.2 77.1L106.6 73.3L130.1 77.1L153.6 96.1L177 92.3L200.5 103.7L224 115.2L247.5 111.4L270.9 126.6L294.4 126.6L317.9 130.4L341.3 141.8L364.8 149.4L388.3 149.3" fill="transparent" stroke="#5470c6" stroke-width="2" stroke-linejoin="bevel" class="zr0-cls-3"></path>
</g>
<g clip-path="url(#zr0-c1)">
<path d="M83.2 69.5L106.6 84.7L130.1 77.1L153.6 69.5L177 73.3L200.5 80.9L224 61.9L247.5 65.7L270.9 69.5L294.4 58.1L317.9 61.9L341.3 46.6L364.8 42.8L388.3 53.3" fill="transparent" stroke="#91cc75" stroke-width="2" stroke-linejoin="bevel" class="zr0-cls-3"></path>
</g>
<g clip-path="url(#zr0-c2)">
<path d="M83.2 179.9L106.6 179.9L130.1 187.5L153.6 179.9L177 183.7L200.5 183.7L224 187.5L247.5 179.9L270.9 179.9L294.4 183.7L317.9 187.5L341.3 183.7L364.8 183.7L388.3 184.1" fill="transparent" stroke="#fac858" stroke-width="2" stroke-linejoin="bevel" class="zr0-cls-3"></path>
</g>
<g clip-path="url(#zr0-c3)">
<path d="M83.2 179.9L106.6 172.3L130.1 168.4L153.6 172.3L177 168.4L200.5 164.6L224 164.6L247.5 164.6L270.9 164.6L294.4 160.8L317.9 157L341.3 157L364.8 164.6L388.3 158.9" fill="transparent" stroke="#ee6666" stroke-width="2" stroke-linejoin="bevel" class="zr0-cls-3"></path>
</g>
<g clip-path="url(#zr0-c4)">
<path d="M83.2 172.3L106.6 168.4L130.1 168.4L153.6 160.8L177 160.8L200.5 153.2L224 145.6L247.5 157L270.9 141.8L294.4 149.4L317.9 145.6L341.3 141.8L364.8 138L388.3 139.2" fill="transparent" stroke="#73c0de" stroke-width="2" stroke-linejoin="bevel" class="zr0-cls-3"></path>
</g>
<path d="M1 0A1 1 0 1 1 1 -0.1A1 1 0 0 1 1 0" transform="matrix(2,0,0,2,83.1743,77.096)" fill="#fff" stroke="#5470c6" ecmeta_series_index="0" ecmeta_data_index="0" ecmeta_ssr_type="chart" class="zr0-cls-8"></path>
<path d="M1 0A1 1 0 1 1 1 -0.1A1 1 0 0 1 1 0" transform="matrix(2,0,0,2,106.6429,73.2896)" fill="#fff" stroke="#5470c6" ecmeta_series_index="0" ecmeta_data_index="1" ecmeta_ssr_type="chart" class="zr0-cls-8"></path>
<path d="M1 0A1 1 0 1 1 1 -0.1A1 1 0 0 1 1 0" transform="matrix(2,0,0,2,130.1114,77.096)" fill="#fff" stroke="#5470c6" ecmeta_series_index="0" ecmeta_data_index="2" ecmeta_ssr_type="chart" class="zr0-cls-8"></path>
<path d="M1 0A1 1 0 1 1 1 -0.1A1 1 0 0 1 1 0" transform="matrix(2,0,0,2,153.58,96.128)" fill="#fff" stroke="#5470c6" ecmeta_series_index="0" ecmeta_data_index="3" ecmeta_ssr_type="chart" class="zr0-cls-8"></path>
<path d="M1 0A1 1 0 1 1 1 -0.1A1 1 0 0 1 1 0" transform="matrix(2,0,0,2,177.0486,92.3216)" fill="#fff" stroke="#5470c6" ecmeta_series_index="0" ecmeta_data_index="4" ecmeta_ssr_type="chart" class="zr0-cls-8"></path>
<path d="M1 0A1 1 0 1 1 1 -0.1A1 1 0 0 1 1 0" transform="matrix(2,0,0,2,200.5171,103.7408)" fill="#fff" stroke="#5470c6" ecmeta_series_index="0" ecmeta_data_index="5" ecmeta_ssr_type="chart" class="zr0-cls-8"></path>
<path d="M1 0A1 1 0 1 1 1 -0.1A1 1 0 0 1 1 0" transform="matrix(2,0,0,2,223.9857,115.16)" fill="#fff" stroke="#5470c6" ecmeta_series_index="0" ecmeta_data_index="6" ecmeta_ssr_type="chart" class="zr0-cls-8"></path>
<path d="M1 0A1 1 0 1 1 1 -0.1A1 1 0 0 1 1 0" transform="matrix(2,0,0,2,247.4543,111.3536)" fill="#fff" stroke="#5470c6" ecmeta_series_index="0" ecmeta_data_index="7" ecmeta_ssr_type="chart" class="zr0-cls-8"></path>
<path d="M1 0A1 1 0 1 1 1 -0.1A1 1 0 0 1 1 0" transform="matrix(2,0,0,2,270.9229,126.5792)" fill="#fff" stroke="#5470c6" ecmeta_series_index="0" ecmeta_data_index="8" ecmeta_ssr_type="chart" class="zr0-cls-8"></path>
<path d="M1 0A1 1 0 1 1 1 -0.1A1 1 0 0 1 1 0" transform="matrix(2,0,0,2,294.3914,126.5792)" fill="#fff" stroke="#5470c6" ecmeta_series_index="0" ecmeta_data_index="9" ecmeta_ssr_type="chart" class="zr0-cls-8"></path>
<path d="M1 0A1 1 0 1 1 1 -0.1A1 1 0 0 1 1 0" transform="matrix(2,0,0,2,317.86,130.3856)" fill="#fff" stroke="#5470c6" ecmeta_series_index="0" ecmeta_data_index="10" ecmeta_ssr_type="chart" class="zr0-cls-8"></path>
<path d="M1 0A1 1 0 1 1 1 -0.1A1 1 0 0 1 1 0" transform="matrix(2,0,0,2,341.3286,141.8048)" fill="#fff" stroke="#5470c6" ecmeta_series_index="0" ecmeta_data_index="11" ecmeta_ssr_type="chart" class="zr0-cls-8"></path>
<path d="M1 0A1 1 0 1 1 1 -0.1A1 1 0 0 1 1 0" transform="matrix(2,0,0,2,364.7971,149.4176)" fill="#fff" stroke="#5470c6" ecmeta_series_index="0" ecmeta_data_index="12" ecmeta_ssr_type="chart" class="zr0-cls-8"></path>
<path d="M1 0A1 1 0 1 1 1 -0.1A1 1 0 0 1 1 0" transform="matrix(2,0,0,2,388.2657,149.2654)" fill="#fff" stroke="#5470c6" ecmeta_series_index="0" ecmeta_data_index="13" ecmeta_ssr_type="chart" class="zr0-cls-8"></path>
<path d="M1 0A1 1 0 1 1 1 -0.1A1 1 0 0 1 1 0" transform="matrix(2,0,0,2,83.1743,69.4832)" fill="#fff" stroke="#91cc75" ecmeta_series_index="1" ecmeta_data_index="0" ecmeta_ssr_type="chart" class="zr0-cls-8"></path>
<path d="M1 0A1 1 0 1 1 1 -0.1A1 1 0 0 1 1 0" transform="matrix(2,0,0,2,106.6429,84.7088)" fill="#fff" stroke="#91cc75" ecmeta_series_index="1" ecmeta_data_index="1" ecmeta_ssr_type="chart" class="zr0-cls-8"></path>
<path d="M1 0A1 1 0 1 1 1 -0.1A1 1 0 0 1 1 0" transform="matrix(2,0,0,2,130.1114,77.096)" fill="#fff" stroke="#91cc75" ecmeta_series_index="1" ecmeta_data_index="2" ecmeta_ssr_type="chart" class="zr0-cls-8"></path>
<path d="M1 0A1 1 0 1 1 1 -0.1A1 1 0 0 1 1 0" transform="matrix(2,0,0,2,153.58,69.4832)" fill="#fff" stroke="#91cc75" ecmeta_series_index="1" ecmeta_data_index="3" ecmeta_ssr_type="chart" class="zr0-cls-8"></path>
<path d="M1 0A1 1 0 1 1 1 -0.1A1 1 0 0 1 1 0" transform="matrix(2,0,0,2,177.0486,73.2896)" fill="#fff" stroke="#91cc75" ecmeta_series_index="1" ecmeta_data_index="4" ecmeta_ssr_type="chart" class="zr0-cls-8"></path>
<path d="M1 0A1 1 0 1 1 1 -0.1A1 1 0 0 1 1 0" transform="matrix(2,0,0,2,200.5171,80.9024)" fill="#fff" stroke="#91cc75" ecmeta_series_index="1" ecmeta_data_index="5" ecmeta_ssr_type="chart" class="zr0-cls-8"></path>
<path d="M1 0A1 1 0 1 1 1 -0.1A1 1 0 0 1 1 0" transform="matrix(2,0,0,2,223.9857,61.8704)" fill="#fff" stroke="#91cc75" ecmeta_series_index="1" ecmeta_data_index="6" ecmeta_ssr_type="chart" class="zr0-cls-8"></path>
<path d="M1 0A1 1 0 1 1 1 -0.1A1 1 0 0 1 1 0" transform="matrix(2,0,0,2,247.4543,65.6768)" fill="#fff" stroke="#91cc75" ecmeta_series_index="1" ecmeta_data_index="7" ecmeta_ssr_type="chart" class="zr0-cls-8"></path>
<path d="M1 0A1 1 0 1 1 1 -0.1A1 1 0 0 1 1 0" transform="matrix(2,0,0,2,270.9229,69.4832)" fill="#fff" stroke="#91cc75" ecmeta_series_index="1" ecmeta_data_index="8" ecmeta_ssr_type="chart" class="zr0-cls-8"></path>
<path d="M1 0A1 1 0 1 1 1 -0.1A1 1 0 0 1 1 0" transform="matrix(2,0,0,2,294.3914,58.064)" fill="#fff" stroke="#91cc75" ecmeta_series_index="1" ecmeta_data_index="9" ecmeta_ssr_type="chart" class="zr0-cls-8"></path>
<path d="M1 0A1 1 0 1 1 1 -0.1A1 1 0 0 1 1 0" transform="matrix(2,0,0,2,317.86,61.8704)" fill="#fff" stroke="#91cc75" ecmeta_series_index="1" ecmeta_data_index="10" ecmeta_ssr_type="chart" class="zr0-cls-8"></path>
<path d="M1 0A1 1 0 1 1 1 -0.1A1 1 0 0 1 1 0" transform="matrix(2,0,0,2,341.3286,46.6448)" fill="#fff" stroke="#91cc75" ecmeta_series_index="1" ecmeta_data_index="11" ecmeta_ssr_type="chart" class="zr0-cls-8"></path>
<path d="M1 0A1 1 0 1 1 1 -0.1A1 1 0 0 1 1 0" transform="matrix(2,0,0,2,364.7971,42.8384)" fill="#fff" stroke="#91cc75" ecmeta_series_index="1" ecmeta_data_index="12" ecmeta_ssr_type="chart" class="zr0-cls-8"></path>
<path d="M1 0A1 1 0 1 1 1 -0.1A1 1 0 0 1 1 0" transform="matrix(2,0,0,2,388.2657,53.3441)" fill="#fff" stroke="#91cc75" ecmeta_series_index="1" ecmeta_data_index="13" ecmeta_ssr_type="chart" class="zr0-cls-8"></path>
<path d="M1 0A1 1 0 1 1 1 -0.1A1 1 0 0 1 1 0" transform="matrix(2,0,0,2,83.1743,179.8688)" fill="#fff" stroke="#fac858" ecmeta_series_index="2" ecmeta_data_index="0" ecmeta_ssr_type="chart" class="zr0-cls-8"></path>
<path d="M1 0A1 1 0 1 1 1 -0.1A1 1 0 0 1 1 0" transform="matrix(2,0,0,2,106.6429,179.8688)" fill="#fff" stroke="#fac858" ecmeta_series_index="2" ecmeta_data_index="1" ecmeta_ssr_type="chart" class="zr0-cls-8"></path>
<path d="M1 0A1 1 0 1 1 1 -0.1A1 1 0 0 1 1 0" transform="matrix(2,0,0,2,130.1114,187.4816)" fill="#fff" stroke="#fac858" ecmeta_series_index="2" ecmeta_data_index="2" ecmeta_ssr_type="chart" class="zr0-cls-8"></path>
<path d="M1 0A1 1 0 1 1 1 -0.1A1 1 0 0 1 1 0" transform="matrix(2,0,0,2,153.58,179.8688)" fill="#fff" stroke="#fac858" ecmeta_series_index="2" ecmeta_data_index="3" ecmeta_ssr_type="chart" class="zr0-cls-8"></path>
<path d="M1 0A1 1 0 1 1 1 -0.1A1 1 0 0 1 1 0" transform="matrix(2,0,0,2,177.0486,183.6752)" fill="#fff" stroke="#fac858" ecmeta_series_index="2" ecmeta_data_index="4" ecmeta_ssr_type="chart" class="zr0-cls-8"></path>
<path d="M1 0A1 1 0 1 1 1 -0.1A1 1 0 0 1 1 0" transform="matrix(2,0,0,2,200.5171,183.6752)" fill="#fff" stroke="#fac858" ecmeta_series_index="2" ecmeta_data_index="5" ecmeta_ssr_type="chart" class="zr0-cls-8"></path>
<path d="M1 0A1 1 0 1 1 1 -0.1A1 1 0 0 1 1 0" transform="matrix(2,0,0,2,223.9857,187.4816)" fill="#fff" stroke="#fac858" ecmeta_series_index="2" ecmeta_data_index="6" ecmeta_ssr_type="chart" class="zr0-cls-8"></path>
<path d="M1 0A1 1 0 1 1 1 -0.1A1 1 0 0 1 1 0" transform="matrix(2,0,0,2,247.4543,179.8688)" fill="#fff" stroke="#fac858" ecmeta_series_index="2" ecmeta_data_index="7" ecmeta_ssr_type="chart" class="zr0-cls-8"></path>
<path d="M1 0A1 1 0 1 1 1 -0.1A1 1 0 0 1 1 0" transform="matrix(2,0,0,2,270.9229,179.8688)" fill="#fff" stroke="#fac858" ecmeta_series_index="2" ecmeta_data_index="8" ecmeta_ssr_type="chart" class="zr0-cls-8"></path>
<path d="M1 0A1 1 0 1 1 1 -0.1A1 1 0 0 1 1 0" transform="matrix(2,0,0,2,294.3914,183.6752)" fill="#fff" stroke="#fac858" ecmeta_series_index="2" ecmeta_data_index="9" ecmeta_ssr_type="chart" class="zr0-cls-8"></path>
<path d="M1 0A1 1 0 1 1 1 -0.1A1 1 0 0 1 1 0" transform="matrix(2,0,0,2,317.86,187.4816)" fill="#fff" stroke="#fac858" ecmeta_series_index="2" ecmeta_data_index="10" ecmeta_ssr_type="chart" class="zr0-cls-8"></path>
<path d="M1 0A1 1 0 1 1 1 -0.1A1 1 0 0 1 1 0" transform="matrix(2,0,0,2,341.3286,183.6752)" fill="#fff" stroke="#fac858" ecmeta_series_index="2" ecmeta_data_index="11" ecmeta_ssr_type="chart" class="zr0-cls-8"></path>
<path d="M1 0A1 1 0 1 1 1 -0.1A1 1 0 0 1 1 0" transform="matrix(2,0,0,2,364.7971,183.6752)" fill="#fff" stroke="#fac858" ecmeta_series_index="2" ecmeta_data_index="12" ecmeta_ssr_type="chart" class="zr0-cls-8"></path>
<path d="M1 0A1 1 0 1 1 1 -0.1A1 1 0 0 1 1 0" transform="matrix(2,0,0,2,388.2657,184.132)" fill="#fff" stroke="#fac858" ecmeta_series_index="2" ecmeta_data_index="13" ecmeta_ssr_type="chart" class="zr0-cls-8"></path>
<path d="M1 0A1 1 0 1 1 1 -0.1A1 1 0 0 1 1 0" transform="matrix(2,0,0,2,83.1743,179.8688)" fill="#fff" stroke="#ee6666" ecmeta_series_index="3" ecmeta_data_index="0" ecmeta_ssr_type="chart" class="zr0-cls-8"></path>
<path d="M1 0A1 1 0 1 1 1 -0.1A1 1 0 0 1 1 0" transform="matrix(2,0,0,2,106.6429,172.256)" fill="#fff" stroke="#ee6666" ecmeta_series_index="3" ecmeta_data_index="1" ecmeta_ssr_type="chart" class="zr0-cls-8"></path>
<path d="M1 0A1 1 0 1 1 1 -0.1A1 1 0 0 1 1 0" transform="matrix(2,0,0,2,130.1114,168.4496)" fill="#fff" stroke="#ee6666" ecmeta_series_index="3" ecmeta_data_index="2" ecmeta_ssr_type="chart" class="zr0-cls-8"></path>
<path d="M1 0A1 1 0 1 1 1 -0.1A1 1 0 0 1 1 0" transform="matrix(2,0,0,2,153.58,172.256)" fill="#fff" stroke="#ee6666" ecmeta_series_index="3" ecmeta_data_index="3" ecmeta_ssr_type="chart" class="zr0-cls-8"></path>
<path d="M1 0A1 1 0 1 1 1 -0.1A1 1 0 0 1 1 0" transform="matrix(2,0,0,2,177.0486,168.4496)" fill="#fff" stroke="#ee6666" ecmeta_series_index="3" ecmeta_data_index="4" ecmeta_ssr_type="chart" class="zr0-cls-8"></path>
<path d="M1 0A1 1 0 1 1 1 -0.1A1 1 0 0 1 1 0" transform="matrix(2,0,0,2,200.5171,164.6432)" fill="#fff" stroke="#ee6666" ecmeta_series_index="3" ecmeta_data_index="5" ecmeta_ssr_type="chart" class="zr0-cls-8"></path>
<path d="M1 0A1 1 0 1 1 1 -0.1A1 1 0 0 1 1 0" transform="matrix(2,0,0,2,223.9857,164.6432)" fill="#fff" stroke="#ee6666" ecmeta_series_index="3" ecmeta_data_index="6" ecmeta_ssr_type="chart" class="zr0-cls-8"></path>
<path d="M1 0A1 1 0 1 1 1 -0.1A1 1 0 0 1 1 0" transform="matrix(2,0,0,2,247.4543,164.6432)" fill="#fff" stroke="#ee6666" ecmeta_series_index="3" ecmeta_data_index="7" ecmeta_ssr_type="chart" class="zr0-cls-8"></path>
<path d="M1 0A1 1 0 1 1 1 -0.1A1 1 0 0 1 1 0" transform="matrix(2,0,0,2,270.9229,164.6432)" fill="#fff" stroke="#ee6666" ecmeta_series_index="3" ecmeta_data_index="8" ecmeta_ssr_type="chart" class="zr0-cls-8"></path>
<path d="M1 0A1 1 0 1 1 1 -0.1A1 1 0 0 1 1 0" transform="matrix(2,0,0,2,294.3914,160.8368)" fill="#fff" stroke="#ee6666" ecmeta_series_index="3" ecmeta_data_index="9" ecmeta_ssr_type="chart" class="zr0-cls-8"></path>
<path d="M1 0A1 1 0 1 1 1 -0.1A1 1 0 0 1 1 0" transform="matrix(2,0,0,2,317.86,157.0304)" fill="#fff" stroke="#ee6666" ecmeta_series_index="3" ecmeta_data_index="10" ecmeta_ssr_type="chart" class="zr0-cls-8"></path>
<path d="M1 0A1 1 0 1 1 1 -0.1A1 1 0 0 1 1 0" transform="matrix(2,0,0,2,341.3286,157.0304)" fill="#fff" stroke="#ee6666" ecmeta_series_index="3" ecmeta_data_index="11" ecmeta_ssr_type="chart" class="zr0-cls-8"></path>
<path d="M1 0A1 1 0 1 1 1 -0.1A1 1 0 0 1 1 0" transform="matrix(2,0,0,2,364.7971,164.6432)" fill="#fff" stroke="#ee6666" ecmeta_series_index="3" ecmeta_data_index="12" ecmeta_ssr_type="chart" class="zr0-cls-8"></path>
<path d="M1 0A1 1 0 1 1 1 -0.1A1 1 0 0 1 1 0" transform="matrix(2,0,0,2,388.2657,158.8575)" fill="#fff" stroke="#ee6666" ecmeta_series_index="3" ecmeta_data_index="13" ecmeta_ssr_type="chart" class="zr0-cls-8"></path>
<path d="M1 0A1 1 0 1 1 1 -0.1A1 1 0 0 1 1 0" transform="matrix(2,0,0,2,83.1743,172.256)" fill="#fff" stroke="#73c0de" ecmeta_series_index="4" ecmeta_data_index="0" ecmeta_ssr_type="chart" class="zr0-cls-8"></path>
<path d="M1 0A1 1 0 1 1 1 -0.1A1 1 0 0 1 1 0" transform="matrix(2,0,0,2,106.6429,168.4496)" fill="#fff" stroke="#73c0de" ecmeta_series_index="4" ecmeta_data_index="1" ecmeta_ssr_type="chart" class="zr0-cls-8"></path>
<path d="M1 0A1 1 0 1 1 1 -0.1A1 1 0 0 1 1 0" transform="matrix(2,0,0,2,130.1114,168.4496)" fill="#fff" stroke="#73c0de" ecmeta_series_index="4" ecmeta_data_index="2" ecmeta_ssr_type="chart" class="zr0-cls-8"></path>
<path d="M1 0A1 1 0 1 1 1 -0.1A1 1 0 0 1 1 0" transform="matrix(2,0,0,2,153.58,160.8368)" fill="#fff" stroke="#73c0de" ecmeta_series_index="4" ecmeta_data_index="3" ecmeta_ssr_type="chart" class="zr0-cls-8"></path>
<path d="M1 0A1 1 0 1 1 1 -0.1A1 1 0 0 1 1 0" transform="matrix(2,0,0,2,177.0486,160.8368)" fill="#fff" stroke="#73c0de" ecmeta_series_index="4" ecmeta_data_index="4" ecmeta_ssr_type="chart" class="zr0-cls-8"></path>
<path d="M1 0A1 1 0 1 1 1 -0.1A1 1 0 0 1 1 0" transform="matrix(2,0,0,2,200.5171,153.224)" fill="#fff" stroke="#73c0de" ecmeta_series_index="4" ecmeta_data_index="5" ecmeta_ssr_type="chart" class="zr0-cls-8"></path>
<path d="M1 0A1 1 0 1 1 1 -0.1A1 1 0 0 1 1 0" transform="matrix(2,0,0,2,223.9857,145.6112)" fill="#fff" stroke="#73c0de" ecmeta_series_index="4" ecmeta_data_index="6" ecmeta_ssr_type="chart" class="zr0-cls-8"></path>
<path d="M1 0A1 1 0 1 1 1 -0.1A1 1 0 0 1 1 0" transform="matrix(2,0,0,2,247.4543,157.0304)" fill="#fff" stroke="#73c0de" ecmeta_series_index="4" ecmeta_data_index="7" ecmeta_ssr_type="chart" class="zr0-cls-8"></path>
<path d="M1 0A1 1 0 1 1 1 -0.1A1 1 0 0 1 1 0" transform="matrix(2,0,0,2,270.9229,141.8048)" fill="#fff" stroke="#73c0de" ecmeta_series_index="4" ecmeta_data_index="8" ecmeta_ssr_type="chart" class="zr0-cls-8"></path>
<path d="M1 0A1 1 0 1 1 1 -0.1A1 1 0 0 1 1 0" transform="matrix(2,0,0,2,294.3914,149.4176)" fill="#fff" stroke="#73c0de" ecmeta_series_index="4" ecmeta_data_index="9" ecmeta_ssr_type="chart" class="zr0-cls-8"></path>
<path d="M1 0A1 1 0 1 1 1 -0.1A1 1 0 0 1 1 0" transform="matrix(2,0,0,2,317.86,145.6112)" fill="#fff" stroke="#73c0de" ecmeta_series_index="4" ecmeta_data_index="10" ecmeta_ssr_type="chart" class="zr0-cls-8"></path>
<path d="M1 0A1 1 0 1 1 1 -0.1A1 1 0 0 1 1 0" transform="matrix(2,0,0,2,341.3286,141.8048)" fill="#fff" stroke="#73c0de" ecmeta_series_index="4" ecmeta_data_index="11" ecmeta_ssr_type="chart" class="zr0-cls-8"></path>
<path d="M1 0A1 1 0 1 1 1 -0.1A1 1 0 0 1 1 0" transform="matrix(2,0,0,2,364.7971,137.9984)" fill="#fff" stroke="#73c0de" ecmeta_series_index="4" ecmeta_data_index="12" ecmeta_ssr_type="chart" class="zr0-cls-8"></path>
<path d="M1 0A1 1 0 1 1 1 -0.1A1 1 0 0 1 1 0" transform="matrix(2,0,0,2,388.2657,139.1784)" fill="#fff" stroke="#73c0de" ecmeta_series_index="4" ecmeta_data_index="13" ecmeta_ssr_type="chart" class="zr0-cls-8"></path>
<path d="M-5 -5l10 0l0 10l-10 0Z" transform="translate(490 150)" fill="rgb(0,0,0)" fill-opacity="0" stroke="#ccc" stroke-width="0" class="zr0-cls-0"></path>
<defs >
<clipPath id="zr0-c0">
<path d="M70 19l332 0l0 192.3l-332 0Z" fill="#000" class="zr0-cls-1 zr0-cls-2"></path>
</clipPath>
<clipPath id="zr0-c1">
<path d="M70 19l332 0l0 192.3l-332 0Z" fill="#000" class="zr0-cls-4 zr0-cls-2"></path>
</clipPath>
<clipPath id="zr0-c2">
<path d="M70 19l332 0l0 192.3l-332 0Z" fill="#000" class="zr0-cls-5 zr0-cls-2"></path>
</clipPath>
<clipPath id="zr0-c3">
<path d="M70 19l332 0l0 192.3l-332 0Z" fill="#000" class="zr0-cls-6 zr0-cls-2"></path>
</clipPath>
<clipPath id="zr0-c4">
<path d="M70 19l332 0l0 192.3l-332 0Z" fill="#000" class="zr0-cls-7 zr0-cls-2"></path>
</clipPath>
</defs>
<style ><![CDATA[
.zr0-cls-0:hover {
pointer-events:none;
}
.zr0-cls-1 {
animation:zr0-ani-0 1s linear both;
}
.zr0-cls-2:hover {
cursor:pointer;
fill:rgba(0,0,0,1);
}
.zr0-cls-3:hover {
cursor:pointer;
}
.zr0-cls-4 {
animation:zr0-ani-1 1s linear both;
}
.zr0-cls-5 {
animation:zr0-ani-2 1s linear both;
}
.zr0-cls-6 {
animation:zr0-ani-3 1s linear both;
}
.zr0-cls-7 {
animation:zr0-ani-4 1s linear both;
}
.zr0-cls-8:hover {
cursor:pointer;
fill:rgba(255,255,255,1);
}
@keyframes zr0-ani-0 {
0% {
d:path("M70 19l0 0l0 192.3l0 0Z");
}
100% {
d:path("M70 19l332 0l0 192.3l-332 0Z");
}
}
@keyframes zr0-ani-1 {
0% {
d:path("M70 19l0 0l0 192.3l0 0Z");
}
100% {
d:path("M70 19l332 0l0 192.3l-332 0Z");
}
}
@keyframes zr0-ani-2 {
0% {
d:path("M70 19l0 0l0 192.3l0 0Z");
}
100% {
d:path("M70 19l332 0l0 192.3l-332 0Z");
}
}
@keyframes zr0-ani-3 {
0% {
d:path("M70 19l0 0l0 192.3l0 0Z");
}
100% {
d:path("M70 19l332 0l0 192.3l-332 0Z");
}
}
@keyframes zr0-ani-4 {
0% {
d:path("M70 19l0 0l0 192.3l0 0Z");
}
100% {
d:path("M70 19l332 0l0 192.3l-332 0Z");
}
}
]]>

</style>
</svg>"
`;
